Microchip MPLAB XC8 Compiler V2.46

Linker command line:

-W-3 \
  --edf=C:\Program Files\Microchip\xc8\v2.46\pic\dat\20240104201356_en.msgs \
  -cn -h+dist/default/production\project.production.sym \
  --cmf=dist/default/production\project.production.cmf -z -Q18F4620 \
  -oC:\Users\doc\AppData\Local\Temp\xcAsifg.\driver_tmp_3.o \
  --defsym=__MPLAB_BUILD=1 --fixupoverflow=error \
  -Mdist/default/production/project.production.map \
  --md=C:\Users\doc\AppData\Local\Temp\xcAsifg.\driver_tmp_0.dat -E1 \
  -ver=XC8 Compiler --acfsm=1493 -ACODE=00h-0FFFFh -ACONST=00h-0FFFFh \
  -ASMALLCONST=01000h-010FFhx240 -AMEDIUMCONST=01000h-0FFFFh \
  -ACOMRAM=01h-07Fh -AABS1=00h-0F7Fh -ABIGRAM=01h-0F7Fh \
  -ARAM=080h-0FFh,0100h-01FFhx14,0F00h-0F7Fh -ABANK0=080h-0FFh \
  -ABANK1=0100h-01FFh -ABANK2=0200h-02FFh -ABANK3=0300h-03FFh \
  -ABANK4=0400h-04FFh -ABANK5=0500h-05FFh -ABANK6=0600h-06FFh \
  -ABANK7=0700h-07FFh -ABANK8=0800h-08FFh -ABANK9=0900h-09FFh \
  -ABANK10=0A00h-0AFFh -ABANK11=0B00h-0BFFh -ABANK12=0C00h-0CFFh \
  -ABANK13=0D00h-0DFFh -ABANK14=0E00h-0EFFh -ABANK15=0F00h-0F7Fh \
  -ASFR=0F80h-0FFFh -ABIGSFR=0F80h-0FFFh -ACONFIG=0300000h-030000Dh \
  -AIDLOC=0200000h-0200007h -AEEDATA=0F00000h-0F003FFh -peeprom_data=EEDATA \
  -preset_vec=00h,intcode,sivt_hi,intcodelo,sivt_lo,powerup,init \
  -pramtop=01000h -psmallconst=SMALLCONST -pmediumconst=MEDIUMCONST \
  -pconst=CONST -AFARRAM=00h-00h \
  -prdata=COMRAM,nvrram=COMRAM,nvbit=COMRAM,rbss=COMRAM,rbit=COMRAM \
  -pfarbss=FARRAM,fardata=FARRAM,nvFARRAM=FARRAM \
  -pintsave_regs=BIGRAM,bigbss=BIGRAM,bigdata=BIGRAM -pbss=RAM \
  -pidata=CODE,irdata=CODE,ibigdata=CODE,ifardata=CODE -prparam=COMRAM \
  C:\Users\doc\AppData\Local\Temp\xcAsifg.\driver_tmp_14.o \
  dist/default/production\project.production.o 

Object code version is 3.11

Machine type is 18F4620



                Name                               Link     Load   Length Selector   Space Scale
C:\Users\doc\AppData\Local\Temp\xcAsifg.\driver_tmp_14.o
                config                           300000   300000        E        0       4
                init                                  4        4        4        0       0
                reset_vec                             0        0        4        0       0
dist/default/production\project.production.o
                config                           300000   300000        E        0       4
                mediumconst                        FE18     FE18      1E8     7F0C       0
                text84                             2732     2732       3A     1399       0
                text83                             2AC2     2AC2       58     1561       0
                text82                             2982     2982       4A     14C1       0
                text81                             3702     3702       EA     1B81       0
                text80                             2598     2598       2C     12CC       0
                text79                             25C4     25C4       2C     12E2       0
                text78                             3E60     3E60      130     1F30       0
                text77                             3C08     3C08      12C     1E04       0
                text76                             2C46     2C46       6C     1623       0
                text75                             2D26     2D26       80     1693       0
                text74                             25F0     25F0       34     12F8       0
                text73                             2E32     2E32       90     1719       0
                text72                             3D34     3D34      12C     1E9A       0
                text71                             27A6     27A6       3E     13D3       0
                text70                             255E     255E        6     12AF       0
                text69                             312E     312E       AA     1897       0
                text68                             7DA8     7DA8      4C0     3ED4       0
                text67                             5A4E     5A4E      39A     2D27       0
                text66                             707C     707C      42A     383E       0
                text65                             3F90     3F90      172     1FC8       0
                text64                             2868     2868       46     1434       0
                text63                             6C9E     6C9E      3DE     364F       0
                text62                             973E     973E      5F2     4B9F       0
                text61                             4102     4102      172     2081       0
                text60                             26C2     26C2       38     1361       0
                text59                             2624     2624       34     1312       0
                text58                             5DE8     5DE8      39E     2EF4       0
                text57                             37EC     37EC       FE     1BF6       0
                text56                             A350     A350      76C     51A8       0
                text55                             2FE6     2FE6       A4     17F3       0
                text54                             78F8     78F8      4B0     3C7C       0
                text53                             4728     4728      1FE     2394       0
                text52                             39EE     39EE      106     1CF7       0
                text51                             4574     4574      1B4     22BA       0
                text50                             68DE     68DE      3C0     346F       0
                text49                             4B38     4B38      232     259C       0
                text48                             8268     8268      4E6     4134       0
                text47                             2572     2572       26     12B9       0
                text46                             4D6A     4D6A      234     26B5       0
                text45                             9154     9154      5EA     48AA       0
                text44                             362E     362E       D4     1B17       0
                text43                             38EA     38EA      104     1C75       0
                text42                             CB7C     CB7C      DEA     65BE       0
                text41                             4F9E     4F9E      24A     27CF       0
                text40                             276C     276C       3A     13B6       0
                text39                             874E     874E      4FC     43A7       0
                text38                             9D30     9D30      620     4E98       0
                text37                             2CB2     2CB2       74     1659       0
                text36                             D966     D966     24B2     6CB3       0
                text35                             2B1A     2B1A       62     158D       0
                text34                             8C4A     8C4A      50A     4625       0
                text33                             6186     6186      3A2     30C3       0
                text32                             5702     5702      34C     2B81       0
                text31                             74A6     74A6      452     3A53       0
                text30                             6528     6528      3B6     3294       0
                text29                             B4AC     B4AC      AD6     5A56       0
                text28                             43EE     43EE      186     21F7       0
                text27                             29CC     29CC       50     14E6       0
                text26                             546E     546E      294     2A37       0
                text25                             3336     3336       B4     199B       0
                text24                             3AF4     3AF4      114     1D7A       0
                text23                             293A     293A       48     149D       0
                text22                             2EC2     2EC2       90     1761       0
                text21                             2F52     2F52       94     17A9       0
                text20                             28AE     28AE       46     1457       0
                text19                             2B7C     2B7C       64     15BE       0
                text18                             34A4     34A4       C4     1A52       0
                text17                             3286     3286       B0     1943       0
                text16                             2658     2658       34     132C       0
                text15                             255C     255C        2     12AE       0
                text14                             33EA     33EA       BA     19F5       0
                text13                             27E4     27E4       40     13F2       0
                text12                             2BE0     2BE0       66     15F0       0
                text11                             4274     4274      17A     213A       0
                text10                             4926     4926      212     2493       0
                text9                              2A6C     2A6C       56     1536       0
                text8                              2A1C     2A1C       50     150E       0
                text7                              26FA     26FA       38     137D       0
                text6                              AABC     AABC      9F0     555E       0
                text5                              31D8     31D8       AE     18EC       0
                text4                              51E8     51E8      286     28F4       0
                text3                              28F4     28F4       46     147A       0
                text2                              2824     2824       44     1412       0
                text1                              268C     268C       36     1346       0
                text0                              BF82     BF82      BFA     5FC1       0
                cstackCOMRAM                          1        1       7F        1       1
                cstackBANK0                          80       80       70       80       1
                cstackBANK1                         100      100       DF      100       1
                cstackBANK2                         200      200       F0      200       1
                cstackBANK3                         3D0      3D0       28      300       1
                cstackBANK5                         5DD      5DD       14      500       1
                bssBIGRAM                           6C9      6C9      191      6C9       1
                bssBANK6                            600      600       C9      600       1
                bssBANK5                            500      500       DD      500       1
                dataBANK4                           400      400       8C      400       1
                bssBANK4                            48C      48C       64      400       1
                dataBANK3                           300      300       A4      300       1
                bssBANK3                            3A4      3A4       2C      300       1
                dataBANK2                           2F0      2F0        E      200       1
                bssBANK1                            1DF      1DF        F      100       1
                bssBANK0                             F0       F0        F       80       1
                cinit                              3568     3568       C6     1AB4       0
                nvBANK0                              FF       FF        1       80       1
                idataBANK4                         2DA6     2DA6       8C     2DA6       0
                idataBANK3                         308A     308A       A4     308A       0
                idataBANK2                         2564     2564        E     2564       0

TOTAL           Name                               Link     Load   Length     Space
        CLASS   CODE           
                init                                  4        4        4         0
                reset_vec                             0        0        4         0
                text84                             2732     2732       3A         0
                text83                             2AC2     2AC2       58         0
                text82                             2982     2982       4A         0
                text81                             3702     3702       EA         0
                text80                             2598     2598       2C         0
                text79                             25C4     25C4       2C         0
                text78                             3E60     3E60      130         0
                text77                             3C08     3C08      12C         0
                text76                             2C46     2C46       6C         0
                text75                             2D26     2D26       80         0
                text74                             25F0     25F0       34         0
                text73                             2E32     2E32       90         0
                text72                             3D34     3D34      12C         0
                text71                             27A6     27A6       3E         0
                text70                             255E     255E        6         0
                text69                             312E     312E       AA         0
                text68                             7DA8     7DA8      4C0         0
                text67                             5A4E     5A4E      39A         0
                text66                             707C     707C      42A         0
                text65                             3F90     3F90      172         0
                text64                             2868     2868       46         0
                text63                             6C9E     6C9E      3DE         0
                text62                             973E     973E      5F2         0
                text61                             4102     4102      172         0
                text60                             26C2     26C2       38         0
                text59                             2624     2624       34         0
                text58                             5DE8     5DE8      39E         0
                text57                             37EC     37EC       FE         0
                text56                             A350     A350      76C         0
                text55                             2FE6     2FE6       A4         0
                text54                             78F8     78F8      4B0         0
                text53                             4728     4728      1FE         0
                text52                             39EE     39EE      106         0
                text51                             4574     4574      1B4         0
                text50                             68DE     68DE      3C0         0
                text49                             4B38     4B38      232         0
                text48                             8268     8268      4E6         0
                text47                             2572     2572       26         0
                text46                             4D6A     4D6A      234         0
                text45                             9154     9154      5EA         0
                text44                             362E     362E       D4         0
                text43                             38EA     38EA      104         0
                text42                             CB7C     CB7C      DEA         0
                text41                             4F9E     4F9E      24A         0
                text40                             276C     276C       3A         0
                text39                             874E     874E      4FC         0
                text38                             9D30     9D30      620         0
                text37                             2CB2     2CB2       74         0
                text36                             D966     D966     24B2         0
                text35                             2B1A     2B1A       62         0
                text34                             8C4A     8C4A      50A         0
                text33                             6186     6186      3A2         0
                text32                             5702     5702      34C         0
                text31                             74A6     74A6      452         0
                text30                             6528     6528      3B6         0
                text29                             B4AC     B4AC      AD6         0
                text28                             43EE     43EE      186         0
                text27                             29CC     29CC       50         0
                text26                             546E     546E      294         0
                text25                             3336     3336       B4         0
                text24                             3AF4     3AF4      114         0
                text23                             293A     293A       48         0
                text22                             2EC2     2EC2       90         0
                text21                             2F52     2F52       94         0
                text20                             28AE     28AE       46         0
                text19                             2B7C     2B7C       64         0
                text18                             34A4     34A4       C4         0
                text17                             3286     3286       B0         0
                text16                             2658     2658       34         0
                text15                             255C     255C        2         0
                text14                             33EA     33EA       BA         0
                text13                             27E4     27E4       40         0
                text12                             2BE0     2BE0       66         0
                text11                             4274     4274      17A         0
                text10                             4926     4926      212         0
                text9                              2A6C     2A6C       56         0
                text8                              2A1C     2A1C       50         0
                text7                              26FA     26FA       38         0
                text6                              AABC     AABC      9F0         0
                text5                              31D8     31D8       AE         0
                text4                              51E8     51E8      286         0
                text3                              28F4     28F4       46         0
                text2                              2824     2824       44         0
                text1                              268C     268C       36         0
                text0                              BF82     BF82      BFA         0
                cinit                              3568     3568       C6         0
                idataBANK4                         2DA6     2DA6       8C         0
                idataBANK3                         308A     308A       A4         0
                idataBANK2                         2564     2564        E         0

        CLASS   CONST          

        CLASS   SMALLCONST     

        CLASS   MEDIUMCONST    
                mediumconst                        FE18     FE18      1E8         0

        CLASS   COMRAM         
                cstackCOMRAM                          1        1       7F         1

        CLASS   ABS1           

        CLASS   BIGRAM         
                bssBIGRAM                           6C9      6C9      191         1

        CLASS   RAM            

        CLASS   BANK0          
                cstackBANK0                          80       80       70         1
                bssBANK0                             F0       F0        F         1
                nvBANK0                              FF       FF        1         1

        CLASS   BANK1          
                cstackBANK1                         100      100       DF         1
                bssBANK1                            1DF      1DF        F         1

        CLASS   BANK2          
                cstackBANK2                         200      200       F0         1
                dataBANK2                           2F0      2F0        E         1

        CLASS   BANK3          
                cstackBANK3                         3D0      3D0       28         1
                dataBANK3                           300      300       A4         1
                bssBANK3                            3A4      3A4       2C         1

        CLASS   BANK4          
                dataBANK4                           400      400       8C         1
                bssBANK4                            48C      48C       64         1

        CLASS   BANK5          
                cstackBANK5                         5DD      5DD       14         1
                bssBANK5                            500      500       DD         1

        CLASS   BANK6          
                bssBANK6                            600      600       C9         1

        CLASS   BANK7          

        CLASS   BANK8          

        CLASS   BANK9          

        CLASS   BANK10         

        CLASS   BANK11         

        CLASS   BANK12         

        CLASS   BANK13         

        CLASS   BANK14         

        CLASS   BANK15         

        CLASS   SFR            

        CLASS   BIGSFR         

        CLASS   CONFIG         
                config                           300000   300000        E         4

        CLASS   IDLOC          

        CLASS   EEDATA         

        CLASS   FARRAM         

        CLASS   HEAP           

        CLASS   STACK          



SEGMENTS        Name                           Load    Length   Top    Selector   Space  Class

                reset_vec                      000000  000008  000008         0       0  CODE    
                cstackCOMRAM                   000001  00007F  000080         1       1  COMRAM  
                cstackBANK0                    000080  000080  000100        80       1  BANK0   
                cstackBANK1                    000100  0000EE  0001EE       100       1  BANK1   
                cstackBANK2                    000200  0000FE  0002FE       200       1  BANK2   
                dataBANK3                      000300  0000F8  0003F8       300       1  BANK3   
                dataBANK4                      000400  0000F0  0004F0       400       1  BANK4   
                bssBANK5                       000500  0000F1  0005F1       500       1  BANK5   
                bssBANK6                       000600  0000C9  0006C9       600       1  BANK6   
                bssBIGRAM                      0006C9  000191  00085A       6C9       1  BIGRAM  
                text15                         00255C  000002  00255E      12AE       0  CODE    
                text70                         00255E  000006  002564      12AF       0  CODE    
                idataBANK2                     002564  00000E  002572      2564       0  CODE    
                text47                         002572  000026  002598      12B9       0  CODE    
                text80                         002598  00002C  0025C4      12CC       0  CODE    
                text79                         0025C4  00002C  0025F0      12E2       0  CODE    
                text74                         0025F0  000034  002624      12F8       0  CODE    
                text59                         002624  000034  002658      1312       0  CODE    
                text16                         002658  000034  00268C      132C       0  CODE    
                text1                          00268C  000036  0026C2      1346       0  CODE    
                text60                         0026C2  000038  0026FA      1361       0  CODE    
                text7                          0026FA  000038  002732      137D       0  CODE    
                text84                         002732  00003A  00276C      1399       0  CODE    
                text40                         00276C  00003A  0027A6      13B6       0  CODE    
                text71                         0027A6  00003E  0027E4      13D3       0  CODE    
                text13                         0027E4  000040  002824      13F2       0  CODE    
                text2                          002824  000044  002868      1412       0  CODE    
                text64                         002868  000046  0028AE      1434       0  CODE    
                text20                         0028AE  000046  0028F4      1457       0  CODE    
                text3                          0028F4  000046  00293A      147A       0  CODE    
                text23                         00293A  000048  002982      149D       0  CODE    
                text82                         002982  00004A  0029CC      14C1       0  CODE    
                text27                         0029CC  000050  002A1C      14E6       0  CODE    
                text8                          002A1C  000050  002A6C      150E       0  CODE    
                text9                          002A6C  000056  002AC2      1536       0  CODE    
                text83                         002AC2  000058  002B1A      1561       0  CODE    
                text35                         002B1A  000062  002B7C      158D       0  CODE    
                text19                         002B7C  000064  002BE0      15BE       0  CODE    
                text12                         002BE0  000066  002C46      15F0       0  CODE    
                text76                         002C46  00006C  002CB2      1623       0  CODE    
                text37                         002CB2  000074  002D26      1659       0  CODE    
                text75                         002D26  000080  002DA6      1693       0  CODE    
                idataBANK4                     002DA6  00008C  002E32      2DA6       0  CODE    
                text73                         002E32  000090  002EC2      1719       0  CODE    
                text22                         002EC2  000090  002F52      1761       0  CODE    
                text21                         002F52  000094  002FE6      17A9       0  CODE    
                text55                         002FE6  0000A4  00308A      17F3       0  CODE    
                idataBANK3                     00308A  0000A4  00312E      308A       0  CODE    
                text69                         00312E  0000AA  0031D8      1897       0  CODE    
                text5                          0031D8  0000AE  003286      18EC       0  CODE    
                text17                         003286  0000B0  003336      1943       0  CODE    
                text25                         003336  0000B4  0033EA      199B       0  CODE    
                text14                         0033EA  0000BA  0034A4      19F5       0  CODE    
                text18                         0034A4  0000C4  003568      1A52       0  CODE    
                cinit                          003568  0000C6  00362E      1AB4       0  CODE    
                text44                         00362E  0000D4  003702      1B17       0  CODE    
                text81                         003702  0000EA  0037EC      1B81       0  CODE    
                text57                         0037EC  0000FE  0038EA      1BF6       0  CODE    
                text43                         0038EA  000104  0039EE      1C75       0  CODE    
                text52                         0039EE  000106  003AF4      1CF7       0  CODE    
                text24                         003AF4  000114  003C08      1D7A       0  CODE    
                text77                         003C08  00012C  003D34      1E04       0  CODE    
                text72                         003D34  00012C  003E60      1E9A       0  CODE    
                text78                         003E60  000130  003F90      1F30       0  CODE    
                text65                         003F90  000172  004102      1FC8       0  CODE    
                text61                         004102  000172  004274      2081       0  CODE    
                text11                         004274  00017A  0043EE      213A       0  CODE    
                text28                         0043EE  000186  004574      21F7       0  CODE    
                text51                         004574  0001B4  004728      22BA       0  CODE    
                text53                         004728  0001FE  004926      2394       0  CODE    
                text10                         004926  000212  004B38      2493       0  CODE    
                text49                         004B38  000232  004D6A      259C       0  CODE    
                text46                         004D6A  000234  004F9E      26B5       0  CODE    
                text41                         004F9E  00024A  0051E8      27CF       0  CODE    
                text4                          0051E8  000286  00546E      28F4       0  CODE    
                text26                         00546E  000294  005702      2A37       0  CODE    
                text32                         005702  00034C  005A4E      2B81       0  CODE    
                text67                         005A4E  00039A  005DE8      2D27       0  CODE    
                text58                         005DE8  00039E  006186      2EF4       0  CODE    
                text33                         006186  0003A2  006528      30C3       0  CODE    
                text30                         006528  0003B6  0068DE      3294       0  CODE    
                text50                         0068DE  0003C0  006C9E      346F       0  CODE    
                text63                         006C9E  0003DE  00707C      364F       0  CODE    
                text66                         00707C  00042A  0074A6      383E       0  CODE    
                text31                         0074A6  000452  0078F8      3A53       0  CODE    
                text54                         0078F8  0004B0  007DA8      3C7C       0  CODE    
                text68                         007DA8  0004C0  008268      3ED4       0  CODE    
                text48                         008268  0004E6  00874E      4134       0  CODE    
                text39                         00874E  0004FC  008C4A      43A7       0  CODE    
                text34                         008C4A  00050A  009154      4625       0  CODE    
                text45                         009154  0005EA  00973E      48AA       0  CODE    
                text62                         00973E  0005F2  009D30      4B9F       0  CODE    
                text38                         009D30  000620  00A350      4E98       0  CODE    
                text56                         00A350  00076C  00AABC      51A8       0  CODE    
                text6                          00AABC  0009F0  00B4AC      555E       0  CODE    
                text29                         00B4AC  000AD6  00BF82      5A56       0  CODE    
                text0                          00BF82  000BFA  00CB7C      5FC1       0  CODE    
                text42                         00CB7C  000DEA  00D966      65BE       0  CODE    
                text36                         00D966  0024B2  00FE18      6CB3       0  CODE    
                mediumconst                    00FE18  0001E8  010000      7F0C       0  MEDIUMCO


UNUSED ADDRESS RANGES

        Name                Unused          Largest block    Delta
        BANK1            0001EE-0001FF               12
        BANK10           000A00-000AFF              100
        BANK11           000B00-000BFF              100
        BANK12           000C00-000CFF              100
        BANK13           000D00-000DFF              100
        BANK14           000E00-000EFF              100
        BANK15           000F00-000F7F               80
        BANK2            0002FE-0002FF                2
        BANK3            0003F8-0003FF                8
        BANK4            0004F0-0004FF               10
        BANK5            0005F1-0005FF                F
        BANK8            00085A-0008FF               A6
        BANK9            000900-0009FF              100
        BIGRAM           0001EE-0001FF               12
                         0002FE-0002FF                2
                         0003F8-0003FF                8
                         0004F0-0004FF               10
                         0005F1-0005FF                F
                         00085A-000F7F              726
        BIGSFR           000F80-000FFF               80
        CODE             000008-00255B             2554
        CONST            000008-00255B             2554
        EEDATA           F00000-F003FF              400
        IDLOC            200000-200007                8
        MEDIUMCONST      001000-00255B             155C
        RAM              0001EE-0001FF               12
                         0002FE-0002FF                2
                         0003F8-0003FF                8
                         0004F0-0004FF               10
                         0005F1-0005FF                F
                         00085A-000F7F              100
        SFR              000F80-000FFF               80
        SMALLCONST       001000-00255B              100

                                  Symbol Table

?_R                                      cstackCOMRAM 000055
?_R@asinf$F1621                          cstackCOMRAM 000055
?___awdiv                                cstackCOMRAM 000001
?___awmod                                cstackCOMRAM 000001
?___cosdf                                cstackCOMRAM 000055
?___expo2f                               cstackCOMRAM 000075
?___fladd                                cstackCOMRAM 000045
?___fldiv                                cstackCOMRAM 00002C
?___flmul                                cstackCOMRAM 00000F
?___flneg                                cstackCOMRAM 000028
?___flsub                                cstackCOMRAM 000069
?___fltol                                cstackCOMRAM 000055
?___fpclassifyf                          cstackCOMRAM 000001
?___lldiv                                cstackCOMRAM 000001
?___rem_pio2f                            cstackCOMRAM 000071
?___sindf                                cstackCOMRAM 000071
?___tandf                                cstackCOMRAM 000055
?___wmul                                 cstackCOMRAM 000001
?___xxtofl                               cstackCOMRAM 000001
?_abs                                    cstackCOMRAM 000007
?_acosf                                  cstackCOMRAM 000071
?_asinf                                  cstackCOMRAM 000071
?_atanf                                  cstackCOMRAM 000071
?_cbrtf                                  cstackCOMRAM 000055
?_cosf                                   cstackBANK0  00009C
?_coshf                                  cstackBANK0  0000D6
?_expf                                   cstackCOMRAM 000071
?_expm1f                                 cstackBANK0  000080
?_fabsf                                  cstackCOMRAM 000001
?_floorf                                 cstackCOMRAM 000045
?_fmodf                                  cstackCOMRAM 00000F
?_labs                                   cstackCOMRAM 000001
?_logf                                   cstackCOMRAM 000071
?_powf                                   cstackBANK0  000080
?_read_prec_or_width                     cstackCOMRAM 000007
?_scalbnf                                cstackCOMRAM 000028
?_sinf                                   cstackBANK0  00009C
?_sinhf                                  cstackBANK0  0000D6
?_sprintf                                cstackBANK0  0000C4
?_sqrtf                                  cstackCOMRAM 000001
?_strlen                                 cstackCOMRAM 000001
?_tanf                                   cstackBANK0  0000A8
?_tanhf                                  cstackBANK0  0000D6
?_vfprintf                               cstackBANK0  0000BE
Check_Balanced@flag                      cstackCOMRAM 000009
Check_Balanced@infix                     cstackCOMRAM 000007
Check_Balanced@l_counter                 cstackCOMRAM 00000D
Check_Balanced@value                     cstackCOMRAM 00000C
R@asinf$F1621@p                          cstackCOMRAM 000059
R@asinf$F1621@q                          cstackCOMRAM 00005D
R@asinf$F1621@z                          cstackCOMRAM 000055
R@p                                      cstackCOMRAM 000059
R@q                                      cstackCOMRAM 00005D
R@z                                      cstackCOMRAM 000055
_Ans                                     bssBANK3     0003CC
_Check_Balanced                          text81       003702
_LATA                                    (abs)        000F89
_LATB                                    (abs)        000F8A
_LATC                                    (abs)        000F8B
_LATD                                    (abs)        000F8C
_LATE                                    (abs)        000F8D
_PORTA                                   (abs)        000F80
_PORTB                                   (abs)        000F81
_PORTC                                   (abs)        000F82
_PORTD                                   (abs)        000F83
_PORTE                                   (abs)        000F84
_R                                       text65       003F90
_R$2722                                  cstackCOMRAM 000061
_R$2723                                  cstackCOMRAM 000065
_R@asinf$F1621                           text61       004102
_R@asinf$F1621$2730                      cstackCOMRAM 000061
_R@asinf$F1621$2731                      cstackCOMRAM 000065
_TRISA                                   (abs)        000F92
_TRISB                                   (abs)        000F93
_TRISC                                   (abs)        000F94
_TRISD                                   (abs)        000F95
_TRISE                                   (abs)        000F96
__HRAM                                   (abs)        000000
__H__absolute__                          __absolute__ 000000
__Habs1                                  abs1         000000
__Hbank0                                 bank0        000000
__Hbank1                                 bank1        000000
__Hbank10                                bank10       000000
__Hbank11                                bank11       000000
__Hbank12                                bank12       000000
__Hbank13                                bank13       000000
__Hbank14                                bank14       000000
__Hbank15                                bank15       000000
__Hbank2                                 bank2        000000
__Hbank3                                 bank3        000000
__Hbank4                                 bank4        000000
__Hbank5                                 bank5        000000
__Hbank6                                 bank6        000000
__Hbank7                                 bank7        000000
__Hbank8                                 bank8        000000
__Hbank9                                 bank9        000000
__Hbigbss                                bigbss       000000
__Hbigdata                               bigdata      000000
__Hbigram                                bigram       000000
__Hbigsfr                                bigsfr       000000
__Hbss                                   bss          000000
__HbssBANK0                              bssBANK0     000000
__HbssBANK1                              bssBANK1     000000
__HbssBANK3                              bssBANK3     000000
__HbssBANK4                              bssBANK4     000000
__HbssBANK5                              bssBANK5     000000
__HbssBANK6                              bssBANK6     000000
__HbssBIGRAM                             bssBIGRAM    000000
__Hcinit                                 cinit        000000
__Hclrtext                               clrtext      000000
__Hcomram                                comram       000000
__Hconfig                                config       30000E
__Hconst                                 const        000000
__HcstackBANK0                           cstackBANK0  000000
__HcstackBANK1                           cstackBANK1  000000
__HcstackBANK2                           cstackBANK2  000000
__HcstackBANK3                           cstackBANK3  000000
__HcstackBANK5                           cstackBANK5  000000
__HcstackCOMRAM                          cstackCOMRAM 000000
__Hdata                                  data         000000
__HdataBANK2                             dataBANK2    000000
__HdataBANK3                             dataBANK3    000000
__HdataBANK4                             dataBANK4    000000
__Heeprom_data                           eeprom_data  000000
__Hfarbss                                farbss       000000
__Hfardata                               fardata      000000
__Hheap                                  heap         000000
__Hibigdata                              ibigdata     000000
__Hidata                                 idata        000000
__HidataBANK2                            idataBANK2   000000
__HidataBANK3                            idataBANK3   000000
__HidataBANK4                            idataBANK4   000000
__Hidloc                                 idloc        000000
__Hifardata                              ifardata     000000
__Hinit                                  init         000008
__Hintcode                               intcode      000004
__Hintcode_body                          intcode_body 000000
__Hintcodelo                             intcodelo    000004
__Hintentry                              intentry     000000
__Hintret                                intret       000000
__Hintsave_regs                          intsave_regs 000000
__Hirdata                                irdata       000000
__Hmediumconst                           mediumconst  010000
__HnvBANK0                               nvBANK0      000000
__HnvFARRAM                              nvFARRAM     000000
__Hnvbit                                 nvbit        000000
__Hnvrram                                nvrram       000000
__Hparam                                 rparam       000000
__Hpowerup                               powerup      000004
__Hram                                   ram          000000
__Hramtop                                ramtop       001000
__Hrbit                                  rbit         000000
__Hrbss                                  rbss         000000
__Hrdata                                 rdata        000000
__Hreset_vec                             reset_vec    000004
__Hrparam                                rparam       000000
__Hsfr                                   sfr          000000
__Hsivt_hi                               sivt_hi      000004
__Hsivt_lo                               sivt_lo      000004
__Hsmallconst                            smallconst   000000
__Hspace_0                               (abs)        010000
__Hspace_1                               (abs)        00085A
__Hspace_2                               (abs)        000000
__Hspace_4                               (abs)        60000E
__Hstack                                 stack        000000
__Hstruct                                struct       000000
__Htemp                                  temp         000000
__Htext                                  text         000000
__Htext0                                 text0        000000
__Htext1                                 text1        000000
__Htext10                                text10       000000
__Htext11                                text11       000000
__Htext12                                text12       000000
__Htext13                                text13       000000
__Htext14                                text14       000000
__Htext15                                text15       000000
__Htext16                                text16       000000
__Htext17                                text17       000000
__Htext18                                text18       000000
__Htext19                                text19       000000
__Htext2                                 text2        000000
__Htext20                                text20       000000
__Htext21                                text21       000000
__Htext22                                text22       000000
__Htext23                                text23       000000
__Htext24                                text24       000000
__Htext25                                text25       000000
__Htext26                                text26       000000
__Htext27                                text27       000000
__Htext28                                text28       000000
__Htext29                                text29       000000
__Htext3                                 text3        000000
__Htext30                                text30       000000
__Htext31                                text31       000000
__Htext32                                text32       000000
__Htext33                                text33       000000
__Htext34                                text34       000000
__Htext35                                text35       000000
__Htext36                                text36       000000
__Htext37                                text37       000000
__Htext38                                text38       000000
__Htext39                                text39       000000
__Htext4                                 text4        000000
__Htext40                                text40       000000
__Htext41                                text41       000000
__Htext42                                text42       000000
__Htext43                                text43       000000
__Htext44                                text44       000000
__Htext45                                text45       000000
__Htext46                                text46       000000
__Htext47                                text47       000000
__Htext48                                text48       000000
__Htext49                                text49       000000
__Htext5                                 text5        000000
__Htext50                                text50       000000
__Htext51                                text51       000000
__Htext52                                text52       000000
__Htext53                                text53       000000
__Htext54                                text54       000000
__Htext55                                text55       000000
__Htext56                                text56       000000
__Htext57                                text57       000000
__Htext58                                text58       000000
__Htext59                                text59       000000
__Htext6                                 text6        000000
__Htext60                                text60       000000
__Htext61                                text61       000000
__Htext62                                text62       000000
__Htext63                                text63       000000
__Htext64                                text64       000000
__Htext65                                text65       000000
__Htext66                                text66       000000
__Htext67                                text67       000000
__Htext68                                text68       000000
__Htext69                                text69       000000
__Htext7                                 text7        000000
__Htext70                                text70       000000
__Htext71                                text71       000000
__Htext72                                text72       000000
__Htext73                                text73       000000
__Htext74                                text74       000000
__Htext75                                text75       000000
__Htext76                                text76       000000
__Htext77                                text77       000000
__Htext78                                text78       000000
__Htext79                                text79       000000
__Htext8                                 text8        000000
__Htext80                                text80       000000
__Htext81                                text81       000000
__Htext82                                text82       000000
__Htext83                                text83       000000
__Htext84                                text84       000000
__Htext9                                 text9        000000
__LRAM                                   (abs)        000001
__L__absolute__                          __absolute__ 000000
__Labs1                                  abs1         000000
__Lbank0                                 bank0        000000
__Lbank1                                 bank1        000000
__Lbank10                                bank10       000000
__Lbank11                                bank11       000000
__Lbank12                                bank12       000000
__Lbank13                                bank13       000000
__Lbank14                                bank14       000000
__Lbank15                                bank15       000000
__Lbank2                                 bank2        000000
__Lbank3                                 bank3        000000
__Lbank4                                 bank4        000000
__Lbank5                                 bank5        000000
__Lbank6                                 bank6        000000
__Lbank7                                 bank7        000000
__Lbank8                                 bank8        000000
__Lbank9                                 bank9        000000
__Lbigbss                                bigbss       000000
__Lbigdata                               bigdata      000000
__Lbigram                                bigram       000000
__Lbigsfr                                bigsfr       000000
__Lbss                                   bss          000000
__LbssBANK0                              bssBANK0     000000
__LbssBANK1                              bssBANK1     000000
__LbssBANK3                              bssBANK3     000000
__LbssBANK4                              bssBANK4     000000
__LbssBANK5                              bssBANK5     000000
__LbssBANK6                              bssBANK6     000000
__LbssBIGRAM                             bssBIGRAM    000000
__Lcinit                                 cinit        000000
__Lclrtext                               clrtext      000000
__Lcomram                                comram       000000
__Lconfig                                config       000000
__Lconst                                 const        000000
__LcstackBANK0                           cstackBANK0  000000
__LcstackBANK1                           cstackBANK1  000000
__LcstackBANK2                           cstackBANK2  000000
__LcstackBANK3                           cstackBANK3  000000
__LcstackBANK5                           cstackBANK5  000000
__LcstackCOMRAM                          cstackCOMRAM 000000
__Ldata                                  data         000000
__LdataBANK2                             dataBANK2    000000
__LdataBANK3                             dataBANK3    000000
__LdataBANK4                             dataBANK4    000000
__Leeprom_data                           eeprom_data  000000
__Lfarbss                                farbss       000000
__Lfardata                               fardata      000000
__Lheap                                  heap         000000
__Libigdata                              ibigdata     000000
__Lidata                                 idata        000000
__LidataBANK2                            idataBANK2   000000
__LidataBANK3                            idataBANK3   000000
__LidataBANK4                            idataBANK4   000000
__Lidloc                                 idloc        000000
__Lifardata                              ifardata     000000
__Linit                                  init         000004
__Lintcode                               intcode      000004
__Lintcode_body                          intcode_body 000000
__Lintcodelo                             intcodelo    000004
__Lintentry                              intentry     000000
__Lintret                                intret       000000
__Lintsave_regs                          intsave_regs 000000
__Lirdata                                irdata       000000
__Lmediumconst                           mediumconst  00FE18
__LnvBANK0                               nvBANK0      000000
__LnvFARRAM                              nvFARRAM     000000
__Lnvbit                                 nvbit        000000
__Lnvrram                                nvrram       000000
__Lparam                                 rparam       000000
__Lpowerup                               powerup      000004
__Lram                                   ram          000000
__Lramtop                                ramtop       001000
__Lrbit                                  rbit         000000
__Lrbss                                  rbss         000000
__Lrdata                                 rdata        000000
__Lreset_vec                             reset_vec    000000
__Lrparam                                rparam       000000
__Lsfr                                   sfr          000000
__Lsivt_hi                               sivt_hi      000004
__Lsivt_lo                               sivt_lo      000004
__Lsmallconst                            smallconst   000000
__Lspace_0                               (abs)        000000
__Lspace_1                               (abs)        000000
__Lspace_2                               (abs)        000000
__Lspace_4                               (abs)        000000
__Lstack                                 stack        000000
__Lstruct                                struct       000000
__Ltemp                                  temp         000000
__Ltext                                  text         000000
__Ltext0                                 text0        000000
__Ltext1                                 text1        000000
__Ltext10                                text10       000000
__Ltext11                                text11       000000
__Ltext12                                text12       000000
__Ltext13                                text13       000000
__Ltext14                                text14       000000
__Ltext15                                text15       000000
__Ltext16                                text16       000000
__Ltext17                                text17       000000
__Ltext18                                text18       000000
__Ltext19                                text19       000000
__Ltext2                                 text2        000000
__Ltext20                                text20       000000
__Ltext21                                text21       000000
__Ltext22                                text22       000000
__Ltext23                                text23       000000
__Ltext24                                text24       000000
__Ltext25                                text25       000000
__Ltext26                                text26       000000
__Ltext27                                text27       000000
__Ltext28                                text28       000000
__Ltext29                                text29       000000
__Ltext3                                 text3        000000
__Ltext30                                text30       000000
__Ltext31                                text31       000000
__Ltext32                                text32       000000
__Ltext33                                text33       000000
__Ltext34                                text34       000000
__Ltext35                                text35       000000
__Ltext36                                text36       000000
__Ltext37                                text37       000000
__Ltext38                                text38       000000
__Ltext39                                text39       000000
__Ltext4                                 text4        000000
__Ltext40                                text40       000000
__Ltext41                                text41       000000
__Ltext42                                text42       000000
__Ltext43                                text43       000000
__Ltext44                                text44       000000
__Ltext45                                text45       000000
__Ltext46                                text46       000000
__Ltext47                                text47       000000
__Ltext48                                text48       000000
__Ltext49                                text49       000000
__Ltext5                                 text5        000000
__Ltext50                                text50       000000
__Ltext51                                text51       000000
__Ltext52                                text52       000000
__Ltext53                                text53       000000
__Ltext54                                text54       000000
__Ltext55                                text55       000000
__Ltext56                                text56       000000
__Ltext57                                text57       000000
__Ltext58                                text58       000000
__Ltext59                                text59       000000
__Ltext6                                 text6        000000
__Ltext60                                text60       000000
__Ltext61                                text61       000000
__Ltext62                                text62       000000
__Ltext63                                text63       000000
__Ltext64                                text64       000000
__Ltext65                                text65       000000
__Ltext66                                text66       000000
__Ltext67                                text67       000000
__Ltext68                                text68       000000
__Ltext69                                text69       000000
__Ltext7                                 text7        000000
__Ltext70                                text70       000000
__Ltext71                                text71       000000
__Ltext72                                text72       000000
__Ltext73                                text73       000000
__Ltext74                                text74       000000
__Ltext75                                text75       000000
__Ltext76                                text76       000000
__Ltext77                                text77       000000
__Ltext78                                text78       000000
__Ltext79                                text79       000000
__Ltext8                                 text8        000000
__Ltext80                                text80       000000
__Ltext81                                text81       000000
__Ltext82                                text82       000000
__Ltext83                                text83       000000
__Ltext84                                text84       000000
__Ltext9                                 text9        000000
__S0                                     (abs)        010000
__S1                                     (abs)        00085A
__S4                                     (abs)        000000
__S5                                     (abs)        000000
___awdiv                                 text18       0034A4
___awdiv@counter                         cstackCOMRAM 000005
___awdiv@dividend                        cstackCOMRAM 000001
___awdiv@divisor                         cstackCOMRAM 000003
___awdiv@quotient                        cstackCOMRAM 000007
___awdiv@sign                            cstackCOMRAM 000006
___awmod                                 text17       003286
___awmod@counter                         cstackCOMRAM 000005
___awmod@dividend                        cstackCOMRAM 000001
___awmod@divisor                         cstackCOMRAM 000003
___awmod@sign                            cstackCOMRAM 000006
___cosdf                                 text53       004728
___cosdf$2745                            cstackCOMRAM 00005D
___cosdf$2746                            cstackCOMRAM 000061
___cosdf$2747                            cstackCOMRAM 000065
___cosdf@r                               cstackCOMRAM 000059
___cosdf@w                               cstackCOMRAM 000069
___cosdf@x                               cstackCOMRAM 000055
___cosdf@z                               cstackCOMRAM 00006D
___expo2f                                text44       00362E
___expo2f$2753                           cstackBANK0  0000AD
___expo2f$2754                           cstackBANK0  0000B1
___expo2f$2755                           cstackBANK0  0000B5
___expo2f@scale                          cstackBANK0  0000B9
___expo2f@x                              cstackCOMRAM 000075
___fladd                                 text68       007DA8
___fladd@a                               cstackCOMRAM 000049
___fladd@aexp                            cstackCOMRAM 000052
___fladd@b                               cstackCOMRAM 000045
___fladd@bexp                            cstackCOMRAM 000053
___fladd@grs                             cstackCOMRAM 000054
___fladd@signs                           cstackCOMRAM 000051
___fldiv                                 text67       005A4E
___fldiv@a                               cstackCOMRAM 000030
___fldiv@aexp                            cstackCOMRAM 000044
___fldiv@b                               cstackCOMRAM 00002C
___fldiv@bexp                            cstackCOMRAM 000043
___fldiv@grs                             cstackCOMRAM 00003F
___fldiv@new_exp                         cstackCOMRAM 00003D
___fldiv@rem                             cstackCOMRAM 000038
___fldiv@sign                            cstackCOMRAM 00003C
___fleq                                  text69       00312E
___fleq@ff1                              cstackCOMRAM 000001
___fleq@ff2                              cstackCOMRAM 000005
___flge                                  text43       0038EA
___flge@ff1                              cstackCOMRAM 000071
___flge@ff2                              cstackCOMRAM 000075
___flmul                                 text66       00707C
___flmul@a                               cstackCOMRAM 000013
___flmul@aexp                            cstackCOMRAM 00001C
___flmul@b                               cstackCOMRAM 00000F
___flmul@bexp                            cstackCOMRAM 000021
___flmul@grs                             cstackCOMRAM 00001D
___flmul@prod                            cstackCOMRAM 000022
___flmul@sign                            cstackCOMRAM 00001B
___flmul@temp                            cstackCOMRAM 000026
___flneg                                 text60       0026C2
___flneg@f1                              cstackCOMRAM 000028
___flsub                                 text64       002868
___flsub@a                               cstackCOMRAM 00006D
___flsub@b                               cstackCOMRAM 000069
___fltol                                 text52       0039EE
___fltol@exp1                            cstackCOMRAM 00005E
___fltol@f1                              cstackCOMRAM 000055
___fltol@sign1                           cstackCOMRAM 00005D
___fpclassifyf                           text57       0037EC
___fpclassifyf@F465                      bssBANK3     0003C8
___fpclassifyf@e                         cstackCOMRAM 000009
___fpclassifyf@u                         cstackCOMRAM 00000B
___fpclassifyf@x                         cstackCOMRAM 000001
___heap_hi                               (abs)        000000
___heap_lo                               (abs)        000000
___inthi_sp                              stack        000000
___inthi_stack_hi                        stack        000000
___inthi_stack_lo                        stack        000000
___intlo_sp                              stack        000000
___intlo_stack_hi                        stack        000000
___intlo_stack_lo                        stack        000000
___lldiv                                 text55       002FE6
___lldiv@counter                         cstackCOMRAM 00000D
___lldiv@dividend                        cstackCOMRAM 000001
___lldiv@divisor                         cstackCOMRAM 000005
___lldiv@quotient                        cstackCOMRAM 000009
___param_bank                            (abs)        000000
___rem_pio2f                             text50       0068DE
___rem_pio2f$2748                        cstackBANK0  000084
___rem_pio2f@F526                        bssBANK3     0003C0
___rem_pio2f@fn                          cstackBANK0  00008D
___rem_pio2f@n                           cstackBANK0  000095
___rem_pio2f@sign                        cstackBANK0  000088
___rem_pio2f@t                           cstackBANK0  000091
___rem_pio2f@ty                          cstackBANK0  000080
___rem_pio2f@ux                          cstackBANK0  000089
___rem_pio2f@x                           cstackCOMRAM 000071
___rem_pio2f@y                           cstackCOMRAM 000075
___rparam_used                           (abs)        000001
___sindf                                 text49       004B38
___sindf$2749                            cstackBANK0  000088
___sindf$2750                            cstackBANK0  00008C
___sindf$2751                            cstackBANK0  000090
___sindf@r                               cstackBANK0  000080
___sindf@s                               cstackBANK0  000094
___sindf@w                               cstackBANK0  000084
___sindf@x                               cstackCOMRAM 000071
___sindf@z                               cstackBANK0  000098
___sp                                    stack        000000
___stack_hi                              stack        000000
___stack_lo                              stack        000000
___tandf                                 text32       005702
___tandf$2379                            cstackBANK0  000094
___tandf$2791                            cstackBANK0  000088
___tandf$2792                            cstackBANK0  00008C
___tandf$2793                            cstackBANK0  000090
___tandf@odd                             cstackCOMRAM 000059
___tandf@r                               cstackBANK0  0000A0
___tandf@s                               cstackBANK0  00009C
___tandf@t                               cstackBANK0  000080
___tandf@u                               cstackBANK0  000084
___tandf@w                               cstackBANK0  000098
___tandf@x                               cstackCOMRAM 000055
___tandf@z                               cstackBANK0  0000A4
___wmul                                  text47       002572
___wmul@multiplicand                     cstackCOMRAM 000003
___wmul@multiplier                       cstackCOMRAM 000001
___wmul@product                          cstackCOMRAM 000005
___xxtofl                                text51       004574
___xxtofl@arg                            cstackCOMRAM 00000B
___xxtofl@exp                            cstackCOMRAM 00000A
___xxtofl@sign                           cstackCOMRAM 000009
___xxtofl@val                            cstackCOMRAM 000001
__accesstop                              (abs)        000080
__activetblptr                           (abs)        000002
__end_of_B1                              mediumconst  00FF89
__end_of_B2                              mediumconst  00FF85
__end_of_C0                              mediumconst  00FF71
__end_of_C1                              mediumconst  00FF6D
__end_of_C2                              mediumconst  00FF69
__end_of_C3                              mediumconst  00FF65
__end_of_Check_Balanced                  text81       0037EC
__end_of_L1                              mediumconst  00FF01
__end_of_L2                              mediumconst  00FEFD
__end_of_L3                              mediumconst  00FEF9
__end_of_L4                              mediumconst  00FEF5
__end_of_L5                              mediumconst  00FEF1
__end_of_L6                              mediumconst  00FEED
__end_of_Lg1                             mediumconst  00FF15
__end_of_Lg2                             mediumconst  00FF11
__end_of_Lg3                             mediumconst  00FF0D
__end_of_Lg4                             mediumconst  00FF09
__end_of_P1                              mediumconst  00FF35
__end_of_P1@powf$F2177                   mediumconst  00FEE9
__end_of_P2                              mediumconst  00FF31
__end_of_P2@powf$F2178                   mediumconst  00FEE5
__end_of_P3                              mediumconst  00FEE1
__end_of_P4                              mediumconst  00FEDD
__end_of_P5                              mediumconst  00FED9
__end_of_Q1                              mediumconst  00FF25
__end_of_Q2                              mediumconst  00FF21
__end_of_R                               text65       004102
__end_of_R@asinf$F1621                   text61       004274
__end_of_S1                              mediumconst  00FF51
__end_of_S2                              mediumconst  00FF4D
__end_of_S3                              mediumconst  00FF49
__end_of_S4                              mediumconst  00FF45
__end_of_T0                              mediumconst  00FE99
__end_of_T1                              mediumconst  00FE95
__end_of_T2                              mediumconst  00FE91
__end_of_T3                              mediumconst  00FE8D
__end_of_T4                              mediumconst  00FE89
__end_of_T5                              mediumconst  00FE85
__end_of___awdiv                         text18       003568
__end_of___awmod                         text17       003336
__end_of___cosdf                         text53       004926
__end_of___expo2f                        text44       003702
__end_of___fladd                         text68       008268
__end_of___fldiv                         text67       005DE8
__end_of___fleq                          text69       0031D8
__end_of___flge                          text43       0039EE
__end_of___flmul                         text66       0074A6
__end_of___flneg                         text60       0026FA
__end_of___flsub                         text64       0028AE
__end_of___fltol                         text52       003AF4
__end_of___fpclassifyf                   text57       0038EA
__end_of___lldiv                         text55       00308A
__end_of___rem_pio2f                     text50       006C9E
__end_of___sindf                         text49       004D6A
__end_of___tandf                         text32       005A4E
__end_of___wmul                          text47       002598
__end_of___xxtofl                        text51       004728
__end_of__initialization                 cinit        003624
__end_of_aT0                             mediumconst  00FF9D
__end_of_aT1                             mediumconst  00FF99
__end_of_aT2                             mediumconst  00FF95
__end_of_aT3                             mediumconst  00FF91
__end_of_aT4                             mediumconst  00FF8D
__end_of_abs                             text16       00268C
__end_of_acosf                           text62       009D30
__end_of_application_intialize           text70       002564
__end_of_asinf                           text58       006186
__end_of_atanf                           text56       00AABC
__end_of_atanhi                          mediumconst  00FE61
__end_of_atanlo                          mediumconst  00FE51
__end_of_bp                              mediumconst  00FE79
__end_of_btn_values                      mediumconst  00FE41
__end_of_c1pio2                          mediumconst  00FF81
__end_of_c2pio2                          mediumconst  00FF7D
__end_of_c3pio2                          mediumconst  00FF79
__end_of_c4pio2                          mediumconst  00FF75
__end_of_cbrtf                           text54       007DA8
__end_of_cosf                            text48       00874E
__end_of_coshf                           text41       0051E8
__end_of_cp                              mediumconst  00FEC5
__end_of_cp_h                            mediumconst  00FFD1
__end_of_cp_l                            mediumconst  00FFCD
__end_of_create_stack_char               text80       0025C4
__end_of_create_stack_float              text79       0025F0
__end_of_dp_h                            mediumconst  00FE71
__end_of_dp_l                            mediumconst  00FE69
__end_of_dtoa                            text11       0043EE
__end_of_ecu_layer_intialize             text71       0027E4
__end_of_efgtoa                          text6        00B4AC
__end_of_empty_stack_char                text84       00276C
__end_of_empty_stack_float               text40       0027A6
__end_of_evaluate_postfix                text29       00BF82
__end_of_expf                            text45       00973E
__end_of_expm1f                          text42       00D966
__end_of_fabsf                           text59       002658
__end_of_floorf                          text10       004B38
__end_of_fmodf                           text39       008C4A
__end_of_fputc                           text14       0034A4
__end_of_fputs                           text13       002824
__end_of_gpio_pin_direction_intialize    text78       003F90
__end_of_gpio_pin_intialize              text76       002CB2
__end_of_gpio_pin_read_logic             text25       0033EA
__end_of_gpio_pin_write_logic            text77       003D34
__end_of_half                            mediumconst  00FF61
__end_of_half@expf$F1810                 mediumconst  00FE81
__end_of_infix_to_postfix                text26       005702
__end_of_invln2                          mediumconst  00FFDD
__end_of_invln2@expm1f$F1835             mediumconst  00FFD5
__end_of_invpio2                         mediumconst  00FF5D
__end_of_ivln2                           mediumconst  00FEC1
__end_of_ivln2_h                         mediumconst  00FFC9
__end_of_ivln2_l                         mediumconst  00FEBD
__end_of_k                               mediumconst  00FFE3
__end_of_keypad_get_value                text24       003C08
__end_of_keypad_intialize                text75       002DA6
__end_of_keypad_read_value               text23       002982
__end_of_kln2                            mediumconst  00FF41
__end_of_labs                            text9        002AC2
__end_of_lcd_8bit_initialize             text72       003E60
__end_of_lcd_8bit_send_char_data         text22       002F52
__end_of_lcd_8bit_send_char_data_pos     text20       0028F4
__end_of_lcd_8bit_send_command           text73       002EC2
__end_of_lcd_8bit_send_string_pos        text19       002BE0
__end_of_lcd_8bit_set_cursor             text21       002FE6
__end_of_lcd_8bits_send_enable_signal    text74       002624
__end_of_lg2                             mediumconst  00FED5
__end_of_lg2_h                           mediumconst  00FED1
__end_of_lg2_l                           mediumconst  00FECD
__end_of_ln2_hi                          mediumconst  00FF29
__end_of_ln2_hi@logf$F1898               mediumconst  00FF1D
__end_of_ln2_lo                          mediumconst  00FFD9
__end_of_ln2_lo@logf$F1899               mediumconst  00FF19
__end_of_ln2hi                           mediumconst  00FF3D
__end_of_ln2lo                           mediumconst  00FF39
__end_of_logf                            text38       00A350
__end_of_main                            text0        00CB7C
__end_of_memcpy                          text8        002A6C
__end_of_o_threshold                     mediumconst  00FF2D
__end_of_ovt                             mediumconst  00FEC9
__end_of_pS0                             mediumconst  00FFC1
__end_of_pS0@asinf$F1617                 mediumconst  00FFAD
__end_of_pS1                             mediumconst  00FFBD
__end_of_pS1@asinf$F1618                 mediumconst  00FFA9
__end_of_pS2                             mediumconst  00FFB9
__end_of_pS2@asinf$F1619                 mediumconst  00FFA5
__end_of_pad                             text12       002C46
__end_of_pio2                            mediumconst  00FFB1
__end_of_pio2_1                          mediumconst  00FF59
__end_of_pio2_1t                         mediumconst  00FF55
__end_of_pio2_hi                         mediumconst  00FFE1
__end_of_pio2_lo                         mediumconst  00FFC5
__end_of_pop_stack_char                  text83       002B1A
__end_of_pop_stack_float                 text37       002D26
__end_of_powf                            text36       00FE18
__end_of_precedence                      text28       004574
__end_of_push_stack_char                 text82       0029CC
__end_of_push_stack_float                text35       002B7C
__end_of_putch                           text15       00255E
__end_of_qS1                             mediumconst  00FFB5
__end_of_qS1@asinf$F1620                 mediumconst  00FFA1
__end_of_read_prec_or_width              text5        003286
__end_of_s1pio2                          mediumconst  00FEB9
[...]
sprintf@ap                               cstackBANK0  0000CC
sprintf@f                                cstackBANK0  0000CD
sprintf@fmt                              cstackBANK0  0000C6
sprintf@s                                cstackBANK0  0000C4
sqrtf@i                                  cstackCOMRAM 00000E
sqrtf@ix                                 cstackCOMRAM 000022
sqrtf@m                                  cstackCOMRAM 00001A
sqrtf@q                                  cstackCOMRAM 000012
sqrtf@r                                  cstackCOMRAM 00001E
sqrtf@s                                  cstackCOMRAM 00000A
sqrtf@t                                  cstackCOMRAM 000016
sqrtf@x                                  cstackCOMRAM 000001
stackhi                                  (abs)        000000
stacklo                                  (abs)        000000
start                                    init         000004
start_initialization                     cinit        003568
strcpy@d                                 cstackCOMRAM 000005
strcpy@dest                              cstackCOMRAM 000001
strcpy@src                               cstackCOMRAM 000003
strlen@a                                 cstackCOMRAM 000003
strlen@s                                 cstackCOMRAM 000001
tanf@ix                                  cstackBANK0  0000C2
tanf@n                                   cstackBANK0  0000BC
tanf@sign                                cstackBANK0  0000BD
tanf@x                                   cstackBANK0  0000A8
tanf@y                                   cstackBANK0  0000BE
tanhf@sign                               cstackBANK0  0000DE
tanhf@t                                  cstackBANK0  0000E3
tanhf@ux                                 cstackBANK0  0000E7
tanhf@x                                  cstackBANK0  0000D6
top_stack_char@ps                        cstackCOMRAM 000001
top_stack_char@value                     cstackCOMRAM 000003
vfpfcnvrt@ap                             cstackBANK0  0000B4
vfpfcnvrt@c                              cstackBANK0  0000BB
vfpfcnvrt@convarg                        cstackBANK0  0000B7
vfpfcnvrt@cp                             cstackBANK0  0000BC
vfpfcnvrt@fmt                            cstackBANK0  0000B3
vfpfcnvrt@fp                             cstackBANK0  0000B2
vfprintf@ap                              cstackBANK0  0000C1
vfprintf@cfmt                            cstackBANK0  0000C2
vfprintf@fmt                             cstackBANK0  0000BF
vfprintf@fp                              cstackBANK0  0000BE


MODULE INFORMATION

Module		Function		Class		Link	Load	Size
C:\Program Files\Microchip\xc8\v2.46\pic\sources\c99\common\fltol.c
		___fltol       		CODE           	39EE	0000	262

C:\Program Files\Microchip\xc8\v2.46\pic\sources\c99\common\fltol.c estimated size: 262

C:\Program Files\Microchip\xc8\v2.46\pic\sources\c99\common\__expo2f.c
		___expo2f      		CODE           	362E	0000	212

C:\Program Files\Microchip\xc8\v2.46\pic\sources\c99\common\__expo2f.c estimated size: 212

C:\Program Files\Microchip\xc8\v2.46\pic\sources\c99\common\floorf.c
		_floorf        		CODE           	4926	0000	530

C:\Program Files\Microchip\xc8\v2.46\pic\sources\c99\common\floorf.c estimated size: 530

C:\Program Files\Microchip\xc8\v2.46\pic\sources\c99\common\nf_fputc.c
		_fputc         		CODE           	33EA	0000	186

C:\Program Files\Microchip\xc8\v2.46\pic\sources\c99\common\nf_fputc.c estimated size: 186

Calculator.c
		_infix_to_postfix		CODE           	546E	0000	660
		_Check_Balanced		CODE           	3702	0000	234
		_evaluate_postfix		CODE           	B4AC	0000	2774
		_precedence    		CODE           	43EE	0000	390
		_keypad_read_value		CODE           	293A	0000	72

Calculator.c estimated size: 4130

C:\Program Files\Microchip\xc8\v2.46\pic\sources\c99\common\expm1f.c
		_expm1f        		CODE           	CB7C	0000	3562

C:\Program Files\Microchip\xc8\v2.46\pic\sources\c99\common\expm1f.c estimated size: 3562

C:\Program Files\Microchip\xc8\v2.46\pic\sources\c99\common\__sindf.c
		___sindf       		CODE           	4B38	0000	562

C:\Program Files\Microchip\xc8\v2.46\pic\sources\c99\common\__sindf.c estimated size: 562

C:\Program Files\Microchip\xc8\v2.46\pic\sources\c99\common\awdiv.c
		___awdiv       		CODE           	34A4	0000	196

C:\Program Files\Microchip\xc8\v2.46\pic\sources\c99\common\awdiv.c estimated size: 196

C:\Program Files\Microchip\xc8\v2.46\pic\sources\c99\common\xxtofl.c
		___xxtofl      		CODE           	4574	0000	436

C:\Program Files\Microchip\xc8\v2.46\pic\sources\c99\common\xxtofl.c estimated size: 436

C:\Program Files\Microchip\xc8\v2.46\pic\sources\c99\common\logf.c
		_logf          		CODE           	9D30	0000	1568

C:\Program Files\Microchip\xc8\v2.46\pic\sources\c99\common\logf.c estimated size: 1568

C:\Program Files\Microchip\xc8\v2.46\pic\sources\c99\common\coshf.c
		_coshf         		CODE           	4F9E	0000	586

C:\Program Files\Microchip\xc8\v2.46\pic\sources\c99\common\coshf.c estimated size: 586

C:\Program Files\Microchip\xc8\v2.46\pic\sources\c99\common\expf.c
		_expf          		CODE           	9154	0000	1514

C:\Program Files\Microchip\xc8\v2.46\pic\sources\c99\common\expf.c estimated size: 1514

C:\Program Files\Microchip\xc8\v2.46\pic\sources\c99\common\__cosdf.c
		___cosdf       		CODE           	4728	0000	510

C:\Program Files\Microchip\xc8\v2.46\pic\sources\c99\common\__cosdf.c estimated size: 510

C:\Program Files\Microchip\xc8\v2.46\pic\sources\c99\common\strlen.c
		_strlen        		CODE           	268C	0000	54

C:\Program Files\Microchip\xc8\v2.46\pic\sources\c99\common\strlen.c estimated size: 54

C:\Program Files\Microchip\xc8\v2.46\pic\sources\c99\common\flneg.c
		___flneg       		CODE           	26C2	0000	56

C:\Program Files\Microchip\xc8\v2.46\pic\sources\c99\common\flneg.c estimated size: 56

C:\Program Files\Microchip\xc8\v2.46\pic\sources\c99\common\__fpclassifyf.c
		___fpclassifyf 		CODE           	37EC	0000	254

C:\Program Files\Microchip\xc8\v2.46\pic\sources\c99\common\__fpclassifyf.c estimated size: 254

C:\Program Files\Microchip\xc8\v2.46\pic\sources\c99\common\sprcmul.c
		___flmul       		CODE           	707C	0000	1066

C:\Program Files\Microchip\xc8\v2.46\pic\sources\c99\common\sprcmul.c estimated size: 1066

C:\Program Files\Microchip\xc8\v2.46\pic\sources\c99\common\strcpy.c
		_strcpy        		CODE           	26FA	0000	56

C:\Program Files\Microchip\xc8\v2.46\pic\sources\c99\common\strcpy.c estimated size: 56

ECU_Layer/Chr_LCD/ecu_chr_lcd.c
		_lcd_8bit_send_char_data_pos		CODE           	28AE	0000	70
		_lcd_8bit_set_cursor		CODE           	2F52	0000	148
		_lcd_8bits_send_enable_signal		CODE           	25F0	0000	52
		_lcd_8bit_initialize		CODE           	3D34	0000	300
		_lcd_8bit_send_command		CODE           	2E32	0000	144
		_lcd_8bit_send_string_pos		CODE           	2B7C	0000	100
		_lcd_8bit_send_char_data		CODE           	2EC2	0000	144

ECU_Layer/Chr_LCD/ecu_chr_lcd.c estimated size: 958

C:\Program Files\Microchip\xc8\v2.46\pic\sources\c99\common\sinhf.c
		_sinhf         		CODE           	6186	0000	930

C:\Program Files\Microchip\xc8\v2.46\pic\sources\c99\common\sinhf.c estimated size: 930

C:\Program Files\Microchip\xc8\v2.46\pic\sources\c99\common\sprcdiv.c
		___fldiv       		CODE           	5A4E	0000	922

C:\Program Files\Microchip\xc8\v2.46\pic\sources\c99\common\sprcdiv.c estimated size: 922

C:\Program Files\Microchip\xc8\v2.46\pic\sources\c99\common\fleq.c
		___fleq        		CODE           	312E	0000	170

C:\Program Files\Microchip\xc8\v2.46\pic\sources\c99\common\fleq.c estimated size: 170

C:\Program Files\Microchip\xc8\v2.46\pic\sources\c99\common\cbrtf.c
		_cbrtf         		CODE           	78F8	0000	1200

C:\Program Files\Microchip\xc8\v2.46\pic\sources\c99\common\cbrtf.c estimated size: 1200

C:\Program Files\Microchip\xc8\v2.46\pic\sources\c99\common\scalbnf.c
		_scalbnf       		CODE           	4D6A	0000	564

C:\Program Files\Microchip\xc8\v2.46\pic\sources\c99\common\scalbnf.c estimated size: 564

C:\Program Files\Microchip\xc8\v2.46\pic\sources\c99\common\powf.c
		_powf          		CODE           	D966	0000	9394

C:\Program Files\Microchip\xc8\v2.46\pic\sources\c99\common\powf.c estimated size: 9394

C:\Program Files\Microchip\xc8\v2.46\pic\sources\c99\common\asinf.c
		_asinf         		CODE           	5DE8	0000	926
		_R@asinf$F1621 		CODE           	4102	0000	370

C:\Program Files\Microchip\xc8\v2.46\pic\sources\c99\common\asinf.c estimated size: 1296

C:\Program Files\Microchip\xc8\v2.46\pic\sources\c99\common\doprnt.c
		_read_prec_or_width		CODE           	31D8	0000	174
		_vfpfcnvrt     		CODE           	51E8	0000	646
		_efgtoa        		CODE           	AABC	0000	2544
		_pad           		CODE           	2BE0	0000	102
		_dtoa          		CODE           	4274	0000	378
		_vfprintf      		CODE           	28F4	0000	70

C:\Program Files\Microchip\xc8\v2.46\pic\sources\c99\common\doprnt.c estimated size: 3914

C:\Program Files\Microchip\xc8\v2.46\pic\sources\c99\common\nf_sprintf.c
		_sprintf       		CODE           	2824	0000	68

C:\Program Files\Microchip\xc8\v2.46\pic\sources\c99\common\nf_sprintf.c estimated size: 68

ECU_Layer/keypad/ecu_keypad.c
		_keypad_get_value		CODE           	3AF4	0000	276
		_keypad_intialize		CODE           	2D26	0000	128

ECU_Layer/keypad/ecu_keypad.c estimated size: 404

C:\Program Files\Microchip\xc8\v2.46\pic\sources\c99\common\fabsf.c
		_fabsf         		CODE           	2624	0000	52

C:\Program Files\Microchip\xc8\v2.46\pic\sources\c99\common\fabsf.c estimated size: 52

C:\Program Files\Microchip\xc8\v2.46\pic\sources\c99\common\atanf.c
		_atanf         		CODE           	A350	0000	1900

C:\Program Files\Microchip\xc8\v2.46\pic\sources\c99\common\atanf.c estimated size: 1900

C:\Program Files\Microchip\xc8\v2.46\pic\sources\c99\common\sinf.c
		_sinf          		CODE           	8C4A	0000	1290

C:\Program Files\Microchip\xc8\v2.46\pic\sources\c99\common\sinf.c estimated size: 1290

C:\Program Files\Microchip\xc8\v2.46\pic\sources\c99\common\acosf.c
		_acosf         		CODE           	973E	0000	1522
		_R             		CODE           	3F90	0000	370

C:\Program Files\Microchip\xc8\v2.46\pic\sources\c99\common\acosf.c estimated size: 1892

shared
		_Q2            		MEDIUMCONST    	0000	0000	0
		_S1            		MEDIUMCONST    	0000	0000	0
		_aT1           		MEDIUMCONST    	0000	0000	0
		_L5            		MEDIUMCONST    	0000	0000	0
		_P3            		MEDIUMCONST    	0000	0000	0
		_T1            		MEDIUMCONST    	0000	0000	0
		_S2            		MEDIUMCONST    	0000	0000	0
		_invln2        		MEDIUMCONST    	0000	0000	0
		_L6            		MEDIUMCONST    	0000	0000	0
		_P4            		MEDIUMCONST    	0000	0000	0
		_T2            		MEDIUMCONST    	0000	0000	0
		_S3            		MEDIUMCONST    	0000	0000	0
		_aT2           		MEDIUMCONST    	0000	0000	0
		_P5            		MEDIUMCONST    	0000	0000	0
		_T3            		MEDIUMCONST    	0000	0000	0
		_S4            		MEDIUMCONST    	0000	0000	0
		_T4            		MEDIUMCONST    	0000	0000	0
		_aT3           		MEDIUMCONST    	0000	0000	0
		_T5            		MEDIUMCONST    	0000	0000	0
		_pS0           		MEDIUMCONST    	0000	0000	0
		_ln2lo         		MEDIUMCONST    	0000	0000	0
		_aT4           		MEDIUMCONST    	0000	0000	0
		_pS1           		MEDIUMCONST    	0000	0000	0
		_ln2_hi@logf$F1898		MEDIUMCONST    	0000	0000	0
		_qS1           		MEDIUMCONST    	0000	0000	0
		_Lg1           		MEDIUMCONST    	0000	0000	0
		_pS2           		MEDIUMCONST    	0000	0000	0
		_k             		MEDIUMCONST    	0000	0000	0
		_atanhi        		MEDIUMCONST    	FE51	0000	16
		_Lg2           		MEDIUMCONST    	0000	0000	0
		_half@expf$F1810		MEDIUMCONST    	FE79	0000	8
		_Lg3           		MEDIUMCONST    	0000	0000	0
		_c1pio2        		MEDIUMCONST    	0000	0000	0
		_Lg4           		MEDIUMCONST    	0000	0000	0
		_lg2_l         		MEDIUMCONST    	0000	0000	0
		_c2pio2        		MEDIUMCONST    	0000	0000	0
		_c3pio2        		MEDIUMCONST    	0000	0000	0
		_c4pio2        		MEDIUMCONST    	0000	0000	0
		_pS0@asinf$F1617		MEDIUMCONST    	0000	0000	0
		_ivln2_l       		MEDIUMCONST    	0000	0000	0
		_qS1@asinf$F1620		MEDIUMCONST    	0000	0000	0
		_ivln2         		MEDIUMCONST    	0000	0000	0
		_pS1@asinf$F1618		MEDIUMCONST    	0000	0000	0
		_pio2_lo       		MEDIUMCONST    	0000	0000	0
		_pS2@asinf$F1619		MEDIUMCONST    	0000	0000	0
		_s1pio2        		MEDIUMCONST    	0000	0000	0
		_btn_values    		MEDIUMCONST    	FE19	0000	40
		__initialization		CODE           	3568	0000	188
		_t1pio2        		MEDIUMCONST    	0000	0000	0
		_s2pio2        		MEDIUMCONST    	0000	0000	0
		_t2pio2        		MEDIUMCONST    	0000	0000	0
		_bp            		MEDIUMCONST    	FE71	0000	8
		_s3pio2        		MEDIUMCONST    	0000	0000	0
		_cp            		MEDIUMCONST    	0000	0000	0
		_t3pio2        		MEDIUMCONST    	0000	0000	0
		_s4pio2        		MEDIUMCONST    	0000	0000	0
		_cp_h          		MEDIUMCONST    	0000	0000	0
		_t4pio2        		MEDIUMCONST    	0000	0000	0
		_kln2          		MEDIUMCONST    	0000	0000	0
		_dp_h          		MEDIUMCONST    	FE69	0000	8
		_lg2           		MEDIUMCONST    	0000	0000	0
		_pio2          		MEDIUMCONST    	0000	0000	0
		_pio2_1t       		MEDIUMCONST    	0000	0000	0
		_P1@powf$F2177 		MEDIUMCONST    	0000	0000	0
		_lg2_h         		MEDIUMCONST    	0000	0000	0
		_P2@powf$F2178 		MEDIUMCONST    	0000	0000	0
		_ivln2_h       		MEDIUMCONST    	0000	0000	0
		_invln2@expm1f$F1835		MEDIUMCONST    	0000	0000	0
		_ln2_lo        		MEDIUMCONST    	0000	0000	0
		_half          		MEDIUMCONST    	0000	0000	0
		_o_threshold   		MEDIUMCONST    	0000	0000	0
		_ln2hi         		MEDIUMCONST    	0000	0000	0
		_ovt           		MEDIUMCONST    	0000	0000	0
		_pio2_1        		MEDIUMCONST    	0000	0000	0
		_C0            		MEDIUMCONST    	0000	0000	0
		_B1            		MEDIUMCONST    	0000	0000	0
		_C1            		MEDIUMCONST    	0000	0000	0
		_B2            		MEDIUMCONST    	0000	0000	0
		_C2            		MEDIUMCONST    	0000	0000	0
		_C3            		MEDIUMCONST    	0000	0000	0
		_two24         		MEDIUMCONST    	0000	0000	0
		_invpio2       		MEDIUMCONST    	0000	0000	0
		_cp_l          		MEDIUMCONST    	0000	0000	0
		_ln2_hi        		MEDIUMCONST    	0000	0000	0
		_dp_l          		MEDIUMCONST    	FE61	0000	8
		_ln2_lo@logf$F1899		MEDIUMCONST    	0000	0000	0
		_L1            		MEDIUMCONST    	0000	0000	0
		_pio2_hi       		MEDIUMCONST    	0000	0000	0
		_L2            		MEDIUMCONST    	0000	0000	0
		_aT0           		MEDIUMCONST    	0000	0000	0
		_L3            		MEDIUMCONST    	0000	0000	0
		_P1            		MEDIUMCONST    	0000	0000	0
		_Q1            		MEDIUMCONST    	0000	0000	0
		_atanlo        		MEDIUMCONST    	FE41	0000	16
		_L4            		MEDIUMCONST    	0000	0000	0
		_P2            		MEDIUMCONST    	0000	0000	0
		_T0            		MEDIUMCONST    	0000	0000	0

shared estimated size: 292

C:\Program Files\Microchip\xc8\v2.46\pic\sources\c99\common\__lldiv.c
		___lldiv       		CODE           	2FE6	0000	164

C:\Program Files\Microchip\xc8\v2.46\pic\sources\c99\common\__lldiv.c estimated size: 164

C:\Program Files\Microchip\xc8\v2.46\pic\sources\c99\common\putch.c
		_putch         		CODE           	255C	0000	2

C:\Program Files\Microchip\xc8\v2.46\pic\sources\c99\common\putch.c estimated size: 2

C:\Program Files\Microchip\xc8\v2.46\pic\sources\c99\common\Umul16.c
		___wmul        		CODE           	2572	0000	38

C:\Program Files\Microchip\xc8\v2.46\pic\sources\c99\common\Umul16.c estimated size: 38

C:\Program Files\Microchip\xc8\v2.46\pic\sources\c99\common\tanf.c
		_tanf          		CODE           	74A6	0000	1106

C:\Program Files\Microchip\xc8\v2.46\pic\sources\c99\common\tanf.c estimated size: 1106

MCAL_Layer/GPIO/hal_gpio.c
		_gpio_pin_write_logic		CODE           	3C08	0000	300
		_gpio_pin_intialize		CODE           	2C46	0000	108
		_gpio_pin_read_logic		CODE           	3336	0000	180
		_gpio_pin_direction_intialize		CODE           	3E60	0000	304

MCAL_Layer/GPIO/hal_gpio.c estimated size: 892

C:\Program Files\Microchip\xc8\v2.46\pic\sources\c99\common\nf_fputs.c
		_fputs         		CODE           	27E4	0000	64

C:\Program Files\Microchip\xc8\v2.46\pic\sources\c99\common\nf_fputs.c estimated size: 64

C:\Program Files\Microchip\xc8\v2.46\pic\sources\c99\common\sprcadd.c
		___flsub       		CODE           	2868	0000	70
		___fladd       		CODE           	7DA8	0000	1216

C:\Program Files\Microchip\xc8\v2.46\pic\sources\c99\common\sprcadd.c estimated size: 1286

C:\Program Files\Microchip\xc8\v2.46\pic\sources\c99\common\__rem_pio2f.c
		___rem_pio2f   		CODE           	68DE	0000	960

C:\Program Files\Microchip\xc8\v2.46\pic\sources\c99\common\__rem_pio2f.c estimated size: 960

C:\Program Files\Microchip\xc8\v2.46\pic\sources\c99\common\memcpy.c
		_memcpy        		CODE           	2A1C	0000	80

C:\Program Files\Microchip\xc8\v2.46\pic\sources\c99\common\memcpy.c estimated size: 80

ECU_Layer/ecu_layer_init.c
		_ecu_layer_intialize		CODE           	27A6	0000	62

ECU_Layer/ecu_layer_init.c estimated size: 62

services/Stack/stack.c
		_create_stack_float		CODE           	25C4	0000	44
		_empty_stack_char		CODE           	2732	0000	58
		_empty_stack_float		CODE           	276C	0000	58
		_pop_stack_char		CODE           	2AC2	0000	88
		_top_stack_char		CODE           	29CC	0000	80
		_push_stack_float		CODE           	2B1A	0000	98
		_create_stack_char		CODE           	2598	0000	44
		_pop_stack_float		CODE           	2CB2	0000	116
		_push_stack_char		CODE           	2982	0000	74

services/Stack/stack.c estimated size: 660

C:\Program Files\Microchip\xc8\v2.46\pic\sources\c99\common\tanhf.c
		_tanhf         		CODE           	6528	0000	950

C:\Program Files\Microchip\xc8\v2.46\pic\sources\c99\common\tanhf.c estimated size: 950

C:\Program Files\Microchip\xc8\v2.46\pic\sources\c99\common\labs.c
		_labs          		CODE           	2A6C	0000	86

C:\Program Files\Microchip\xc8\v2.46\pic\sources\c99\common\labs.c estimated size: 86

C:\Program Files\Microchip\xc8\v2.46\pic\sources\c99\common\abs.c
		_abs           		CODE           	2658	0000	52

C:\Program Files\Microchip\xc8\v2.46\pic\sources\c99\common\abs.c estimated size: 52

C:\Program Files\Microchip\xc8\v2.46\pic\sources\c99\common\awmod.c
		___awmod       		CODE           	3286	0000	176

C:\Program Files\Microchip\xc8\v2.46\pic\sources\c99\common\awmod.c estimated size: 176

C:\Program Files\Microchip\xc8\v2.46\pic\sources\c99\common\__tandf.c
		___tandf       		CODE           	5702	0000	844

C:\Program Files\Microchip\xc8\v2.46\pic\sources\c99\common\__tandf.c estimated size: 844

application.c
		_main          		CODE           	BF82	0000	3066
		_application_intialize		CODE           	255E	0000	6

application.c estimated size: 3072

C:\Program Files\Microchip\xc8\v2.46\pic\sources\c99\common\cosf.c
		_cosf          		CODE           	8268	0000	1254

C:\Program Files\Microchip\xc8\v2.46\pic\sources\c99\common\cosf.c estimated size: 1254

C:\Program Files\Microchip\xc8\v2.46\pic\sources\c99\common\fmodf.c
		_fmodf         		CODE           	874E	0000	1276

C:\Program Files\Microchip\xc8\v2.46\pic\sources\c99\common\fmodf.c estimated size: 1276

C:\Program Files\Microchip\xc8\v2.46\pic\sources\c99\common\sqrtf.c
		_sqrtf         		CODE           	6C9E	0000	990

C:\Program Files\Microchip\xc8\v2.46\pic\sources\c99\common\sqrtf.c estimated size: 990

C:\Program Files\Microchip\xc8\v2.46\pic\sources\c99\common\flge.c
		___flge        		CODE           	38EA	0000	260

C:\Program Files\Microchip\xc8\v2.46\pic\sources\c99\common\flge.c estimated size: 260

